%!Adobe-FontList 1.19
%Locale:0x407

%BeginFont
Handler:DirectoryHandler
FontType:Type1
FontName:AkkuratPro-Bold
FamilyName:Akkurat Pro
StyleName:Bold
FullName:Akkurat Pro Bold
MenuName:Akkurat Pro
StyleBits:2
WritingScript:Roman
OutlineFileName:C:\Users\Abdelhamid\Creative Cloud Files\Portfolio\Portfolio Abdelhamid Ameur\Document fonts\AkkBd_Pro.otf
DataFormat:sfntData
UsesStandardEncoding:yes
isCFF:yes
hasSVG:no
VariableFontType:NonVariableFont
FileLength:152708
FileModTime:1172404118
WeightClass:700
WidthClass:5
AngleClass:0
NameArray:0,Mac,4,Akkurat Pro Bold
NameArray:0,Win,1,Akkurat Pro
%EndFont

%BeginFont
Handler:DirectoryHandler
FontType:Type1
FontName:AkkuratPro-Regular
FamilyName:Akkurat Pro
StyleName:Regular
FullName:Akkurat Pro Regular
MenuName:Akkurat Pro
StyleBits:0
WritingScript:Roman
OutlineFileName:C:\Users\Abdelhamid\Creative Cloud Files\Portfolio\Portfolio Abdelhamid Ameur\Document fonts\AkkRg_Pro.otf
DataFormat:sfntData
UsesStandardEncoding:yes
isCFF:yes
hasSVG:no
VariableFontType:NonVariableFont
FileLength:152116
FileModTime:1172404146
WeightClass:400
WidthClass:5
AngleClass:0
NameArray:0,Mac,4,Akkurat Pro Regular
NameArray:0,Win,1,Akkurat Pro
%EndFont

%BeginFont
Handler:DirectoryHandler
FontType:Type1
FontName:MinionPro-Regular
FamilyName:Minion Pro
StyleName:Regular
FullName:Minion Pro
MenuName:Minion Pro
StyleBits:0
WritingScript:Roman
OutlineFileName:C:\Users\Abdelhamid\Creative Cloud Files\Portfolio\Portfolio Abdelhamid Ameur\Document fonts\MinionPro-Regular.otf
DataFormat:sfntData
UsesStandardEncoding:yes
isCFF:yes
hasSVG:no
VariableFontType:NonVariableFont
FileLength:218640
FileModTime:1361528180
WeightClass:400
WidthClass:5
AngleClass:0
DesignSize:110
NameArray:0,Mac,4,Minion Pro
NameArray:0,Win,1,Minion Pro
%EndFont

